[0m00:48:20.014519 [debug] [MainThread]: Got an exception trying to initialize tracking


============================== 00:48:20.052180 | c33ecd65-01a3-49ec-b920-da03cde4fee5 ==============================
[0m00:48:20.052180 [info ] [MainThread]: Running with dbt=1.11.10
[0m00:48:20.052180 [debug] [MainThread]: running dbt with arguments {'static_parser': 'True', 'no_print': 'None', 'version_check': 'True', 'target_path': 'None', 'warn_error_options': 'WarnErrorOptionsV2(error=[], warn=[], silence=[])', 'printer_width': '80', 'write_json': 'True', 'empty': 'None', 'log_cache_events': 'False', 'introspect': 'True', 'cache_selected_only': 'False', 'fail_fast': 'False', 'debug': 'False', 'log_format': 'default', 'partial_parse': 'True', 'send_anonymous_usage_stats': 'True', 'quiet': 'False', 'warn_error': 'None', 'profiles_dir': 'C:\\Users\\rajr5\\.dbt', 'invocation_command': 'dbt init market_basket_dbt', 'indirect_selection': 'eager', 'use_colors': 'True', 'use_experimental_parser': 'False', 'log_path': 'logs'}
[0m00:48:20.068502 [debug] [MainThread]: Starter project path: C:\Users\rajr5\Music\work-main\work-main\target_placement\data analytics\dbt_instacart_basket_insights\dbt-env\Lib\site-packages\dbt\include\starter_project
[0m00:48:20.135015 [info ] [MainThread]: 
Your new dbt project "market_basket_dbt" was created!

For more information on how to configure the profiles.yml file,
please consult the dbt documentation here:

  https://docs.getdbt.com/docs/configure-your-profile

One more thing:

Need help? Don't hesitate to reach out to us via GitHub issues or on Slack:

  https://community.getdbt.com/

Happy modeling!

[0m00:48:20.135015 [info ] [MainThread]: Setting up your profile.
[0m00:48:45.284826 [debug] [MainThread]: Snowflake adapter: Setting snowflake.connector to ERROR (file logging only)
[0m00:48:45.284826 [debug] [MainThread]: Snowflake adapter: Setting botocore to ERROR (file logging only)
[0m00:48:45.284826 [debug] [MainThread]: Snowflake adapter: Setting boto3 to ERROR (file logging only)
[0m00:52:53.655120 [error] [MainThread]: Encountered an error:

[0m00:52:53.662113 [error] [MainThread]: Traceback (most recent call last):
  File "C:\Users\rajr5\Music\work-main\work-main\target_placement\data analytics\dbt_instacart_basket_insights\dbt-env\Lib\site-packages\dbt\cli\requires.py", line 182, in wrapper
    result, success = func(*args, **kwargs)
                      ^^^^^^^^^^^^^^^^^^^^^
  File "C:\Users\rajr5\Music\work-main\work-main\target_placement\data analytics\dbt_instacart_basket_insights\dbt-env\Lib\site-packages\dbt\cli\requires.py", line 128, in wrapper
    return func(*args, **kwargs)
           ^^^^^^^^^^^^^^^^^^^^^
  File "C:\Users\rajr5\Music\work-main\work-main\target_placement\data analytics\dbt_instacart_basket_insights\dbt-env\Lib\site-packages\dbt\cli\main.py", line 488, in init
    results = task.run()
              ^^^^^^^^^^
  File "C:\Users\rajr5\Music\work-main\work-main\target_placement\data analytics\dbt_instacart_basket_insights\dbt-env\Lib\site-packages\dbt\task\init.py", line 346, in run
    self.setup_profile(profile_name)
  File "C:\Users\rajr5\Music\work-main\work-main\target_placement\data analytics\dbt_instacart_basket_insights\dbt-env\Lib\site-packages\dbt\task\init.py", line 262, in setup_profile
    self.create_profile_from_target(adapter, profile_name=profile_name)
  File "C:\Users\rajr5\Music\work-main\work-main\target_placement\data analytics\dbt_instacart_basket_insights\dbt-env\Lib\site-packages\dbt\task\init.py", line 179, in create_profile_from_target
    self.create_profile_from_profile_template(profile_template, profile_name)
  File "C:\Users\rajr5\Music\work-main\work-main\target_placement\data analytics\dbt_instacart_basket_insights\dbt-env\Lib\site-packages\dbt\task\init.py", line 163, in create_profile_from_profile_template
    target = self.generate_target_from_input(prompts, initial_target)
             ^^^^^^^^^^^^^^^^^^^^^^^^^^^^^^^^^^^^^^^^^^^^^^^^^^^^^^^^
  File "C:\Users\rajr5\Music\work-main\work-main\target_placement\data analytics\dbt_instacart_basket_insights\dbt-env\Lib\site-packages\dbt\task\init.py", line 113, in generate_target_from_input
    numeric_choice = click.prompt(prompt_msg, type=click.INT)
                     ^^^^^^^^^^^^^^^^^^^^^^^^^^^^^^^^^^^^^^^^
  File "C:\Users\rajr5\Music\work-main\work-main\target_placement\data analytics\dbt_instacart_basket_insights\dbt-env\Lib\site-packages\click\termui.py", line 218, in prompt
    value = prompt_func(prompt)
            ^^^^^^^^^^^^^^^^^^^
  File "C:\Users\rajr5\Music\work-main\work-main\target_placement\data analytics\dbt_instacart_basket_insights\dbt-env\Lib\site-packages\click\termui.py", line 201, in prompt_func
    raise Abort() from None
click.exceptions.Abort

[0m00:52:53.662113 [debug] [MainThread]: Command `dbt init` failed at 00:52:53.662113 after 273.71 seconds
[0m00:52:53.670782 [debug] [MainThread]: Flushing usage events
[0m00:53:08.551274 [debug] [MainThread]: Got an exception trying to initialize tracking


============================== 00:53:08.603276 | 530db366-6944-48d7-959d-4b32e3032cfe ==============================
[0m00:53:08.603276 [info ] [MainThread]: Running with dbt=1.11.10
[0m00:53:08.603276 [debug] [MainThread]: running dbt with arguments {'version_check': 'True', 'no_print': 'None', 'static_parser': 'True', 'target_path': 'None', 'warn_error_options': 'WarnErrorOptionsV2(error=[], warn=[], silence=[])', 'printer_width': '80', 'write_json': 'True', 'empty': 'None', 'log_cache_events': 'False', 'introspect': 'True', 'cache_selected_only': 'False', 'fail_fast': 'False', 'debug': 'False', 'log_format': 'default', 'partial_parse': 'True', 'send_anonymous_usage_stats': 'True', 'quiet': 'False', 'warn_error': 'None', 'profiles_dir': 'C:\\Users\\rajr5\\.dbt', 'indirect_selection': 'eager', 'use_colors': 'True', 'invocation_command': 'dbt init market_basket_dbt', 'use_experimental_parser': 'False', 'log_path': 'logs'}
[0m00:53:08.639792 [info ] [MainThread]: A project called market_basket_dbt already exists here.
[0m00:53:08.639792 [debug] [MainThread]: Command `dbt init` succeeded at 00:53:08.639792 after 0.14 seconds
[0m00:53:08.639792 [debug] [MainThread]: Flushing usage events
[0m00:53:26.516856 [debug] [MainThread]: Got an exception trying to initialize tracking


============================== 00:53:26.550267 | e2aed634-6bac-4ae0-b34d-9ca135cab767 ==============================
[0m00:53:26.550267 [info ] [MainThread]: Running with dbt=1.11.10
[0m00:53:26.550267 [debug] [MainThread]: running dbt with arguments {'version_check': 'True', 'no_print': 'None', 'static_parser': 'True', 'warn_error_options': 'WarnErrorOptionsV2(error=[], warn=[], silence=[])', 'target_path': 'None', 'printer_width': '80', 'write_json': 'True', 'introspect': 'True', 'log_cache_events': 'False', 'empty': 'None', 'cache_selected_only': 'False', 'log_format': 'default', 'debug': 'False', 'fail_fast': 'False', 'profiles_dir': 'C:\\Users\\rajr5\\.dbt', 'send_anonymous_usage_stats': 'True', 'quiet': 'False', 'warn_error': 'None', 'partial_parse': 'True', 'use_colors': 'True', 'invocation_command': 'dbt init market_basket_dbt', 'indirect_selection': 'eager', 'use_experimental_parser': 'False', 'log_path': 'logs'}
[0m00:53:26.601410 [debug] [MainThread]: Starter project path: C:\Users\rajr5\Music\work-main\work-main\target_placement\data analytics\dbt_instacart_basket_insights\dbt-env\Lib\site-packages\dbt\include\starter_project
[0m00:53:26.650515 [info ] [MainThread]: 
Your new dbt project "market_basket_dbt" was created!

For more information on how to configure the profiles.yml file,
please consult the dbt documentation here:

  https://docs.getdbt.com/docs/configure-your-profile

One more thing:

Need help? Don't hesitate to reach out to us via GitHub issues or on Slack:

  https://community.getdbt.com/

Happy modeling!

[0m00:53:26.655164 [info ] [MainThread]: Setting up your profile.
[0m00:53:32.804431 [debug] [MainThread]: Snowflake adapter: Setting snowflake.connector to ERROR (file logging only)
[0m00:53:32.804431 [debug] [MainThread]: Snowflake adapter: Setting botocore to ERROR (file logging only)
[0m00:53:32.804431 [debug] [MainThread]: Snowflake adapter: Setting boto3 to ERROR (file logging only)
[0m00:59:28.475948 [info ] [MainThread]: Profile market_basket_dbt written to C:\Users\rajr5\.dbt\profiles.yml using target's profile_template.yml and your supplied values. Run 'dbt debug' to validate the connection.
[0m00:59:28.486984 [debug] [MainThread]: Command `dbt init` succeeded at 00:59:28.486984 after 362.03 seconds
[0m00:59:28.487957 [debug] [MainThread]: Flushing usage events
[0m04:45:20.243710 [debug] [MainThread]: Got an exception trying to initialize tracking


============================== 04:45:20.281272 | b464fa74-9e00-4dab-9219-ca7507a25fd7 ==============================
[0m04:45:20.281272 [info ] [MainThread]: Running with dbt=1.11.10
[0m04:45:20.282273 [debug] [MainThread]: running dbt with arguments {'version_check': 'True', 'no_print': 'None', 'static_parser': 'True', 'warn_error_options': 'WarnErrorOptionsV2(error=[], warn=[], silence=[])', 'target_path': 'None', 'printer_width': '80', 'write_json': 'True', 'introspect': 'True', 'log_cache_events': 'False', 'empty': 'None', 'cache_selected_only': 'False', 'fail_fast': 'False', 'debug': 'False', 'log_format': 'default', 'profiles_dir': 'C:\\Users\\rajr5\\.dbt', 'send_anonymous_usage_stats': 'True', 'quiet': 'False', 'warn_error': 'None', 'partial_parse': 'True', 'invocation_command': 'dbt debug', 'indirect_selection': 'eager', 'use_colors': 'True', 'use_experimental_parser': 'False', 'log_path': 'logs'}
[0m04:45:20.313064 [info ] [MainThread]: dbt version: 1.11.10
[0m04:45:20.313064 [info ] [MainThread]: python version: 3.11.9
[0m04:45:20.313064 [info ] [MainThread]: python path: C:\Users\rajr5\Music\work-main\work-main\target_placement\data analytics\dbt_instacart_basket_insights\dbt-env\Scripts\python.exe
[0m04:45:20.313064 [info ] [MainThread]: os info: Windows-10-10.0.26200-SP0
[0m04:45:20.326702 [info ] [MainThread]: Error importing adapter: No module named 'dbt.adapters.athena'
[0m04:45:20.329856 [info ] [MainThread]: Error importing adapter: No module named 'dbt.adapters.athena'
[0m04:45:20.331858 [info ] [MainThread]: Error importing adapter: No module named 'dbt.adapters.athena'
[0m04:45:21.048918 [debug] [MainThread]: Snowflake adapter: Setting snowflake.connector to ERROR (file logging only)
[0m04:45:21.049918 [debug] [MainThread]: Snowflake adapter: Setting botocore to ERROR (file logging only)
[0m04:45:21.049918 [debug] [MainThread]: Snowflake adapter: Setting boto3 to ERROR (file logging only)
[0m04:45:21.126213 [info ] [MainThread]: Using profiles dir at C:\Users\rajr5\.dbt
[0m04:45:21.127530 [info ] [MainThread]: Using profiles.yml file at C:\Users\rajr5\.dbt\profiles.yml
[0m04:45:21.128536 [info ] [MainThread]: Using dbt_project.yml file at C:\Users\rajr5\Music\work-main\work-main\target_placement\data analytics\dbt_instacart_basket_insights\dbt_project.yml
[0m04:45:21.128536 [info ] [MainThread]: Configuration:
[0m04:45:21.129537 [info ] [MainThread]:   profiles.yml file [[31mERROR invalid[0m]
[0m04:45:21.129537 [info ] [MainThread]:   dbt_project.yml file [[31mERROR not found[0m]
[0m04:45:21.130536 [info ] [MainThread]: Required dependencies:
[0m04:45:21.130536 [debug] [MainThread]: Executing "git --help"
[0m04:45:21.173436 [debug] [MainThread]: STDOUT: "b"usage: git [-v | --version] [-h | --help] [-C <path>] [-c <name>=<value>]\n           [--exec-path[=<path>]] [--html-path] [--man-path] [--info-path]\n           [-p | --paginate | -P | --no-pager] [--no-replace-objects] [--no-lazy-fetch]\n           [--no-optional-locks] [--no-advice] [--bare] [--git-dir=<path>]\n           [--work-tree=<path>] [--namespace=<name>] [--config-env=<name>=<envvar>]\n           <command> [<args>]\n\nThese are common Git commands used in various situations:\n\nstart a working area (see also: git help tutorial)\n   clone      Clone a repository into a new directory\n   init       Create an empty Git repository or reinitialize an existing one\n\nwork on the current change (see also: git help everyday)\n   add        Add file contents to the index\n   mv         Move or rename a file, a directory, or a symlink\n   restore    Restore working tree files\n   rm         Remove files from the working tree and from the index\n\nexamine the history and state (see also: git help revisions)\n   bisect     Use binary search to find the commit that introduced a bug\n   diff       Show changes between commits, commit and working tree, etc\n   grep       Print lines matching a pattern\n   log        Show commit logs\n   show       Show various types of objects\n   status     Show the working tree status\n\ngrow, mark and tweak your common history\n   backfill   Download missing objects in a partial clone\n   branch     List, create, or delete branches\n   commit     Record changes to the repository\n   merge      Join two or more development histories together\n   rebase     Reapply commits on top of another base tip\n   reset      Reset current HEAD to the specified state\n   switch     Switch branches\n   tag        Create, list, delete or verify a tag object signed with GPG\n\ncollaborate (see also: git help workflows)\n   fetch      Download objects and refs from another repository\n   pull       Fetch from and integrate with another repository or a local branch\n   push       Update remote refs along with associated objects\n\n'git help -a' and 'git help -g' list available subcommands and some\nconcept guides. See 'git help <command>' or 'git help <concept>'\nto read about a specific subcommand or concept.\nSee 'git help git' for an overview of the system.\n""
[0m04:45:21.173436 [debug] [MainThread]: STDERR: "b''"
[0m04:45:21.173436 [info ] [MainThread]:  - git [[32mOK found[0m]

[0m04:45:21.173436 [info ] [MainThread]: Connection test skipped since no profile was found
[0m04:45:21.173436 [info ] [MainThread]: [31m2 checks failed:[0m
[0m04:45:21.173436 [info ] [MainThread]: Could not load dbt_project.yml
Profile loading failed for the following reason:
Runtime Error
  Credentials in profile "aws_credit_risk_dbt", target "dev" invalid: Runtime Error
    Could not find adapter type athena!

Runtime Error
  Credentials in profile "channel_data_preprocessing", target "dev" invalid: Runtime Error
    Could not find adapter type athena!

Runtime Error
  Credentials in profile "ecommerce_abandonment", target "dev" invalid: Runtime Error
    Could not find adapter type athena!


[0m04:45:21.173436 [info ] [MainThread]: Project loading failed for the following reason:
 project path <C:\Users\rajr5\Music\work-main\work-main\target_placement\data analytics\dbt_instacart_basket_insights\dbt_project.yml> not found

[0m04:45:21.173436 [debug] [MainThread]: Command `dbt debug` failed at 04:45:21.173436 after 1.07 seconds
[0m04:45:21.173436 [debug] [MainThread]: Flushing usage events
